MPLINK 4.49, Linker
Linker Map File - Created Thu Dec 06 23:01:52 2018

                                 Section Info
                  Section       Type    Address   Location Size(Bytes)
                ---------  ---------  ---------  ---------  ---------
                   .org_0       code   0x000000    program   0x000000
                   .org_1       code   0x000000    program   0x00005c



                              Program Memory Usage 
                               Start         End      
                           ---------   ---------      
                            0x000000    0x00002d      
            46 out of 8454 program addresses used, program memory utilization is 0%



                              Symbols - Sorted by Name
                     Name    Address   Location    Storage File                     
                ---------  ---------  ---------  --------- ---------                
                ANA_METOT   0x000001    program     static D:\mikroislemciler\2018GuzDonemi\73.uygulama\uygulama-73.asm
                  GECIKME   0x000025    program     static D:\mikroislemciler\2018GuzDonemi\73.uygulama\uygulama-73.asm
                  KONTROL   0x000013    program     static D:\mikroislemciler\2018GuzDonemi\73.uygulama\uygulama-73.asm
                KONTROL_2   0x000024    program     static D:\mikroislemciler\2018GuzDonemi\73.uygulama\uygulama-73.asm
                  TEKRAR1   0x000027    program     static D:\mikroislemciler\2018GuzDonemi\73.uygulama\uygulama-73.asm
                  TEKRAR2   0x000029    program     static D:\mikroislemciler\2018GuzDonemi\73.uygulama\uygulama-73.asm



                              Symbols - Sorted by Address
                     Name    Address   Location    Storage File                     
                ---------  ---------  ---------  --------- ---------                
                ANA_METOT   0x000001    program     static D:\mikroislemciler\2018GuzDonemi\73.uygulama\uygulama-73.asm
                  KONTROL   0x000013    program     static D:\mikroislemciler\2018GuzDonemi\73.uygulama\uygulama-73.asm
                KONTROL_2   0x000024    program     static D:\mikroislemciler\2018GuzDonemi\73.uygulama\uygulama-73.asm
                  GECIKME   0x000025    program     static D:\mikroislemciler\2018GuzDonemi\73.uygulama\uygulama-73.asm
                  TEKRAR1   0x000027    program     static D:\mikroislemciler\2018GuzDonemi\73.uygulama\uygulama-73.asm
                  TEKRAR2   0x000029    program     static D:\mikroislemciler\2018GuzDonemi\73.uygulama\uygulama-73.asm


